// Jest Snapshot v1, https://goo.gl/fbAQLP

exports[`clubPage renders correctly 1`] = `
<div
  className="container body"
>
  <div />
  <div>
    <div>
      <h3>
        VÃ¥re grupper
      </h3>
      <div
        className="f1h0bhad"
      >
        Ingen resultater.
      </div>
    </div>
  </div>
</div>
`;
