// Jest Snapshot v1, https://goo.gl/fbAQLP

exports[`App renders correctly 1`] = `
<div
  className="App"
>
  <h1>
    Hello
  </h1>
  <div
    className="col"
  >
    <button
      className="btn btn-primary"
      type="button"
    >
      <a
        href="/Regions"
        onClick={[Function]}
        style={
          Object {
            "color": "black",
          }
        }
      >
        Brose studentsports
      </a>
    </button>
    <button
      className="btn btn-primary"
      type="button"
    >
      <a
        href="/questionnaire"
        onClick={[Function]}
        style={
          Object {
            "color": "black",
          }
        }
      >
        questionnaire
      </a>
    </button>
  </div>
</div>
`;
