// Jest Snapshot v1, https://goo.gl/fbAQLP

exports[`backButton renders correctly 1`] = `
<button
  className="button btn btn-primary"
  disabled={false}
  onClick={[Function]}
  type="button"
>
   
  ‚Üê Tilbake
   
</button>
`;
