// Jest Snapshot v1, https://goo.gl/fbAQLP

exports[`groupCard renders correctly 1`] = `
<a
  className="unstyled_link"
  href="/cities/0"
  onClick={[Function]}
>
  <div
    className="SecondaryCard_f1g72rei"
  >
    <h5>
      Trondheim
    </h5>
  </div>
</a>
`;
