// Jest Snapshot v1, https://goo.gl/fbAQLP

exports[`resultPage snapshot tests should render correctly 1`] = `
<div
  className="footer"
/>
`;
