// Jest Snapshot v1, https://goo.gl/fbAQLP

exports[`regionCard renders correctly 1`] = `
<div
  className="f1ovq3do fq2301v"
  onClick={[Function]}
>
  <div>
    <h5>
      Vestlandet
    </h5>
    <div />
  </div>
</div>
`;
