// Jest Snapshot v1, https://goo.gl/fbAQLP

exports[`SportCard renders correctly 1`] = `
<a
  className="unstyled_link"
  href="/sports/0"
  onClick={[Function]}
>
  <div
    className="fcjpwci"
  >
    <div
      className="f1q24w9w"
    >
      <h5
        className="f19aa3jt"
      >
        Fotball
      </h5>
      <img
        alt="Sport"
        className="f1mqlstf"
        src="placeholder.png"
      />
    </div>
  </div>
</a>
`;
