// Jest Snapshot v1, https://goo.gl/fbAQLP

exports[`clubCard renders correctly 1`] = `
Array [
  <div>
    <img
      alt="Team A"
      src="placeholder.png"
    />
  </div>,
  <div>
    <h1>
      Team A
    </h1>
  </div>,
  <div>
    <p>
      Team A is the best
    </p>
  </div>,
]
`;
